../Src/main.c:22:5:main	8	static
../Src/main.c:46:6:task1_handler	8	static
../Src/main.c:52:6:task2_handler	8	static
../Src/main.c:58:6:task3_handler	8	static
../Src/main.c:64:6:task4_handler	8	static
../Src/main.c:70:6:init_systick_timer	32	static
../Src/main.c:90:29:init_scheduler_stack	0	static,ignoring_inline_asm
../Src/main.c:96:10:get_psp_value	8	static
../Src/main.c:100:6:save_psp_value	16	static
../Src/main.c:104:6:update_next_task	8	static
../Src/main.c:108:29:switch_sp_to_psp	0	static,ignoring_inline_asm
../Src/main.c:125:29:SysTick_Handler	0	static,ignoring_inline_asm
../Src/main.c:188:6:init_tasks_stack	24	static
